103,106,64,64,6550,3392
XXXXXXXXXXXXXXXXXXXXXXXXXXXXXXXXXXXXXXXXXXXXXXXXXXXXXXXXXXXXXXXXXXXXXXXXXXXXXXXXXXXXXXXXXXXXXXXXXXXXXXX
XXXXXXXXXXXXXXXXXXXXXXXXXXXXXXXXXXXXXXXXXXXXXXXXXXXXXXXXXXXXXXXXXXXXXXXXXXXXXXXXXXXXXXXXXXXXXXXXXXXXXXX
XooooOOOOOOOOOOooooooooooooXXXXXXXXXXXXXXXXXXOXXXXOOoooooooXXXXXXXOOOXXXXXXXXXXXXXXXXXXXXXXXXXXXXXXXXXX
XooooOOOOOOOOXOoooooooooooXXXXXXXXXXXXXXXXXXOXXXXXOooooooooXXXXXXOOOOXXoXXXXXXXXXXXXXXXXXXXXXXXXXXXXXXX
XXooooOOooOOXXXoooooooooooXXXXXXXXXXXXXXXXXXXOXXXXooooooooooXXXXXXoOOOXOXXXooXXXXXXXXXXXXXXXXXXXXXXXXXX
XXooooooooXOXXXoooooooooooXXXXXXXXXXXXXXXXXXoOOOoooooooooooXXXXXXoOOOOOoXXXoXXXXXXXXXXXXXXXXXXXXXXXXXXX
XXXoooooooXoOXXoooooooooooXXXXXXXXXXXooXXXXXXOOOOoooooooooooXXXXXXOOOOOoXXXooXXXXXXXXXXXXXXXXXXXXXXXXXX
XXXoooooooXooXXoooooooooXXXXXXXXXXXXoooXXXXXXOoooooooooooooXXXXXXOOOOOOXXXOoXXXXXXXXXXXXXXXXXXXXXXXXXXX
XXXXXXoooooXooXXoooooooOXXXXXXXXXXXooooooXXXXXOooooooooooooXXXXXXOOOOOOXXXOooXXXXXXXXXXXXXXXXXXXXXXXXXX
XXXXXXoooooXooXXoooooXooXXXXOXXXXXoooooooXXXoXooooooooooooXXXXXXOOOOOOOXXOOoXXXXXXXXXXXXXXXXXXXXXXXXXXX
XXXXXXXXXoooXooXooOOOXXoOXXXOOXXXXooooooooooooooooooooooooXXXXXXXOOOOOOOOOOXXXXoXXXXXXXXXXXXXXXXXXXXXXX
XXXXXXXXXoooXooooOOOOOXXOXOOOOXXXXXXoooooooooooooooooooooXXXXXXXOOOOOooOOOOXXXOXXXXXXXXXXXXXXXXXXXXXXXX
XXXXXXXXXoooXXooooOXXXOXXOOOoOOXXXXXXXXoooooooooooooooooXXXXXXXXOOOOoooooOOOXOOXXXXXXXXXXXXXXXXXXXXXXXX
XXXXXXXXXoooOOoOooOXXXOOOOOoooOXXXXXXXXooooooooooooooXXXXXXXXXOOOOOooooooOOOOOOXXXXXXXXXXXXXXXXXXXXXXXX
XXXXXXXXXooooooooooOOXOOOOoooooXXXXXXXXXXXXoooooooooooXXOXXXXOOOOOOoooooooOooOOXXXXXXXXXXXXXXXXXXXXXXXX
XXXXXXXXooooooooXoOOOOOOOOooooXXXXXXXXXXXXXoooooooXXXOOOOXXXOOOOOOOooooooooooOOOOXXXXXXXXXXXXXXXXXXXXXX
XXXXXXXXXXoooooooXXOOOOOOOOoooXXXXXXXXXXXXXoooooooXXXXOOOOOXXOOOOOooooooooooooOOOXXXXXXXXXXXXXXXXXXXXXX
XXXXXXXXXXoooXXooXXOOOOOOOooXXXXXXXXXXXXXXooooooXXXXXOOOOOOXOOOOOoooooooooooooXXXXXXXXXXXXXXXXXXXXXXXXX
XXXXXXXXXXXooXXXXoOOOOOOOOOXXXXXOXXXXXXXXXoooooXXXXXXOOOOOOOOOOOOoooooooooooooXXXXXXXXXXXXXXXXXXXXXXXXX
XXXXXXXXXXXooooooOOOOOOOOOXXXXXXOXXXXXXXXXooooXXXXXXXOOOOOOOOOOOoooooooooooooXXXXXXXXXXXXXXXXXXXXXXXXXX
XXXXXXXXXXXXooooooOOOOOOOOXXXXXXXOXOXXXXXXXooXXXXXXXXXOOOOOOOOOOoooooooooooXXXXXXXXXXXXXXXXXXXXXXXXXXXX
XXXXXXXXXXXXooooooOOOOOOOXXXXXXOOOOOOXXXXXXXXXXXXXXXXXOOOOOOOOOoooooooooooXXXXXXXXXXXXXXXXXXXXXXXXXXXXX
XXXXXXXXXXXXXXoooooOOOOOOOXXXXOOOOOOOOOXXXXXXXXXXXXXXXXOOOOOOOOoooooooooooXXXXXXXXXXXXXXXXXXXXXXXXXXXXX
XXXXXXXXXXXXXXXoooooXXXOOOXOXOOOOOOOOOOOXXXXXXXXXXXXXXOOOOOOOOOooooooOooooXXXXXXXXXXXXXXXXXXXXXXXXXXXXX
XXXXXXXXXXXXXXXXXXXXXXXXOOOOOOOOOOOOOOOOOXXXXXXXXXXXOOOOOOOOOOOOoooooOOoXXXXXXXXXXXXXXXXXXXXXXXXXXXXXXX
XXXXXXXXXXXXXXXXXXXXXXXXOOOOOOOOOOOOOOOOOOXXXXXXXXOOOOOOOOOOOOOOoooooOooXXXXXXXXXXXXXXXXXXXXXXXXXXXXXXX
XXXXXXXXXXXXXXXXXXXXXXOXOOOOOOOOOOOOOOOOOOOOXXXXXXOOOOOOOOOOOOOoooooooOOXXXXXXXXXXXXXXXXXXXXXXXXXXXXXXX
XXXXXXXXXXXXXXXXXXXoooOOOOOOOOOOOOOOOOOOOOOOOOOOOOOOOOOOOOOOOOooooooooOXXXXXXXXXXXXXXXXXXXXXXXXXXXXXXXX
XXXXXXXXXXXXXXXXXXXooooOOOOOOOOOOOOOOOOOOOOOOOOOOOOOOOOOOOOOXooooooooooOXXOXXXXXXXXXXXXXXXXXXXXXXXXXXXX
XXXXXXXXXXXXXXXXXXooooOOOOOOOOOOOOOOXXOOOOOOXXOOOOOOOOOOOOXXXoooooXooooOOOOXXXXXXXXXXXXXXXXXXXXXXXXXXXX
XXXXXXXXXXXXXXXXXXXoooOOoooOOOOOOOOOXXXOOOOOXXOOOOOOOOOOOOOXXoooooXXooooOOOXXXXXXXXXXXXXXXXXXXXXXXXXXXX
XXXXXXXXXXXXXXXXXXoooooooooOOOOOOOOOOXOOOOOOXOOOOOOOOOOOXXoXooooXXXXXXXXOOOXXXXXXXXXXXXXXXXXXXXXXXXXXXX
XXXXXXXXXXXXXXXXXXXoooooooooOOOOOOOOOOOOOOOOOOOOOOOOOOOOXXooooooXXXXXXXXXOOOOXXXXXXXXXXXXXXXXXXXXXXXXXX
XXXXXXXXXXXXXXOXXXoooooooooOOOOOOOOOOOOOOOOOOOOOOOOOOOOoXXoooXXXXXXXXXXXOOOOOXXXXXXXXXXXXXXXXXXXXXXXXXX
XXXXXXXXXXXXXXOOXXXoooooooooOOOOOOOOOOOOOOOOOOOOOOOOOOOoooooooXXXXXXXXXXXXXOOOXXXXXXXXXXXXXXXXXXXXXXXXX
XXXXXXXXXXXXOOOOXOoXXooooooOOOXXXOOOOOOOOOOOOOOOOXXXOOooooooXXXXXXXXXXXXXXXOOOOXXXXXXXXXXXXXXXXXXXXXXXX
XXXXXXXXXXXOOOOOOooXXXooooooOOXXXOOOOOOOOOOOOOOOOXXXXOooooooXXXXXXXXXXXXXXXXOOOOOXOOXXXXXXXXXXXXXXXXXXX
XXXXXXXXXXXOOOOooooXXXooooooOOOOOOOOOOOOOOOOOOOOOOOOOOooooXXXXXXXXXXXXXXXXXXOOOOOOOOOXXXXXXXXXXXXXXXXXX
XXXXXXXXXXXOOOOooooXXXXXooooOOOOOOOOOOOOOOOOOOOOOOOOOOOooXXXXXXXXXXXXXXXXXXXXOOOOOOOOXXXXXXXXXXXXXXXXXX
XXXXXXXXXXOOOoooooooXXXXXXoOOOOOOOOOOOOOOOOOOOOOOOOOOOOXXXXXXXXXXXXXXXXXXXXXOOOOOOOOOXXXXXXXXXXXXXXXXXX
XXXXXXXXXOOOoooooooooooXXXXXOOOOOOOOOOOOOOOOOOOOOOOOOOOXXXXXXXXXXXXXXXXXXXXXXOOOOOOOOOXXXXXXXXXXXXXXXXX
XXXXXXXOOOOoooooXXXooooXXXXXOOOOOOOOOOOOOOOOOOOOOOOOOOOXXXXXXXXXXXXXXXXXXXXXXOOOOOOOOOOoooXXXXXXXXXXXXX
XXXXXXXOOOOooooooooooooooXXXXOOOOOOOOOOOOOOOOOOOOXXOOOOXXXXXXXXXXXXXXXXXXXXXXOOOOOOOOOOooooXXXXXXXXXXXX
XXXXXXOOOOooooooooooooooXXXXOOOXXOOOOOOOOOOOOOOOOXXOOOOXXXXXXXXXXXXXXXXXXXXXOOOOOOOOOOoooooXXXXXXXXXXXX
XOOXXXOOOooooooooooooooXXXXXOOXXXOOOOOOOOOOOOOOOOOXXXOOOOXXXXXXXXXXXXXXXXXXXXOOOOOOOOOoooooXXXXXXXXXXXX
XOOXOOOooooooooooooooXXXXXOOOOXOOOOOOOOOOOOOOOOOOOOXXOOOOOXXXXXXXXXXXXXXXXXXXOOOOOOOOOooooOXXXXXXXXXXXX
XOOXXOooooooooooooXXXXXXXOOOOOOOOOOOOXOOOOOOXXOOOOOOOOOOOOOOXXXXXXXXXXXXXXXXOOOOoOOOOOXXXOOOXXXXXXXXXXX
XoOOOooooooooooXXXXXXXXXOOOOOOOOOOOOXXXXXXXXXXOOOOOOOOOOOOOXXXXXXXXXXXXXXXXOOOOoOOOOOOXXOOOOXXXXXXXXXXX
XooOOooooooooooXXXXXXXXXOOOOOOOOOOOOXXXXXXXXXXXOOOOOOOOOOOOOXXXXXXXXXXXXXXOOOOOooOOOOOOOOOOOOXXXXXXXXXX
XoooooooooooooXXXXXXXXOOOOOOOOOOOOOXXOXXXXXXXXXXOOOOOOOOOOOXXXXXXXXXXXXXXXOOOOOOOOOOOOOOOOOOOOXXXXXXXXX
XooooooooooooXXXXXXXXOOOOOOOOOOOOOOXXOXXXXXXXXXXXOOOOOOOOOOOXXXXXXXXXXXXXXOOOOOOOOOOOOOOOOOOOOOXXXXXXXX
XoooooooooooXXXXOOoXoOOOOOOOOOOOOOOOOXXXXXXXXXXXXOOOOOOOOOOOXXXXXXXXXXOOOOOooOOOOOOOOOOOOOOOOOOXXXXXXXX
XooooooooooXOOXXOOoooooOOOOOOOOOOOOOOOXXXXXXXXXXXOOOOOOOOOOOOOXXXXXXXXOOOOOOoooOOOOOOOOOOOOOOOOOOXXXXXX
XoooooooooXXOOXOOooooooOOOOOOOOOOOOOOXXXXXXXXXXXXOOOOOOOOOOOOOOXXXXXOOOOOOOoooOOOOOOOOOOOOOOOOOOoXXXXXX
XXooooooooXXXOOOoooooooOOOOOOOOOOOOOOXXXXXXXXXXXXXOOOOooooOOOOOOXOXXOOOOOOOOooOOOOOOOOOOOOOOOOOOooXXXXX
XXooooooXXXXOOOoooooooOOOOOOOOOOOOXXXXXXXXXXXXXXXXXOooooooOOOOOOOOOOOOOOOOOooOOOOOOOOOOOOOOOOOOOoXXXXXX
XXXoooooXXXXOOOooooooooOOOOOOOOOOOXXXXXXXXXXXXXXXXXXoooooooOOOOOOOOOOOOOOOOXXOOOOOOOOOOOOOOOOOOOoXXXXXX
XXXXXXXXXXOOOooooooooooOoOOOOOOOOXXXXXXXXXXXXXXXXXXXooooooooOOOOOOOOOOOOOOXXXOOOOOOOOOOOOOOOOOOOoXXXXXX
XXXXXXXXXXOOOoooooooooooooOOOOOOOXXXXXXXXXXXXXXXXXXXOooooooooOoOOOOOOOOOOOXXXOOOOOOOOOOOOOOOOOOOooXXXXX
XoXXXXXOOOOOOoooooooooooooOOOOOOOXXXXXXXXXXXXXXXXXOOoooooooooooOOOOOOOOOOOXXOOOOOOOOOOOOOOOOOOOOOoXXXXX
XooXoXXOOOOOOOoooooooooooooOOOOOOOXXXXXXXXXXXXXXXXOOoooXXoooooooOOOOOOOOOOOOOOOOOOOOOOOOOOOOOOOOOoXXXXX
XoooooOOOOOOooooooooOooooooOOOOOOOXXXXXXXXXXXXXXOOOooXXXXXooooooOOOOOOOOOOOOOOOOOOOOOOOOOOOOOOOOoXXXXXX
XooooooOOOOOooooooooooooooXOOOOOOOXXXXXXXXXXXXOOOOoooXXXXXXXoooooOOOOOOOOOOOOOOOOOOOOOOOOOOOOOOooXXXXXX
XXXooXOOOOOooooooOooOooooXXXXOOOOOXXXXXXXXXXOOOOOoooXXXXXXXXXoooOOOOOOOOOOOOOOOOOOOOOOOOOOOOOOoooXXXXXX
XXXXoXXOOOOOooooooOooooooXXXXXOOOOOOXXXXXXXXOOOOOoooXXXXXXXXXXXooOOOOOOOOOOOOOOOOOOOOOOOOOOOOOOooXXXXXX
XXXXXXOOOOOOOooooOoXooooXXXXXXXOOOOOXXXXXXXOOOOOooXXXXXXXXXXXXXoooOOOOOOOOOOOOOOOOOOOOOooOOOOOOoXXXXXXX
XXOXXXOOOOoOOOoooOOXXoooXXXXXXXXXOOOOOXXXXXOOOOOooXXXXXXXXXXXXXXXooOOOOOOOOOOOOOOOOOOOOooOOOOOOoXXXXXXX
XXOXXXOOOooOOoooOOXXXXXXXXXXXXXXXOOOOOXXOOOOOOOOoXXXXXXXXXXXXXXXXoooOOOOOOOOOOOOOOOOOOoooOOOOOoXXXXXXXX
XXXOXXOOOoXXooooooooXXXXXXXXXXXXXXXOOOOOOOOOOXXXoXXXXXXXXXXXXXXXXXXoooOOOOOOOOOOOOOOOOOooOOoooXXXXXXXXX
XXOOXOOOXXXXXoXXoooooOOXXXXXXXXXXXXXOOOOOOXXOXXXXXXXXXXXXXXXXXXXXXXoooOOOOOOOOOOOOOOOOXXXOoooXXXXXXXXXX
XoOOOOOOXXXXXXXXXXXoooOOXXXXXXXXXXXXXXOOOOXXXXXXXXXXXXXXXXXXXXXXXXXXoooOOOOOOOOOOOOOOOOXXOoooXXXXXXXXXX
XoOOOOOXXXXXXXXXXXXoooOOXXXXXXXXXXXXXXOOXXXXXXXXOXXXXXXXXXXXXXXXXXXXooOOOOOOOOOOOOOOooOXooooXXXXXXXXXXX
XoOOOOOOXXXXXXXXXXXXXooOOOXXXXXXXXXXXXXOXXXXXXXOOXXXXXXXXXXXXXXXXXXXXooOOOOOOOOOOOOOooooooooXXXXXXXXXXX
XoOOOOOOXXXXXXXXXXXXXooOOXXXXXXXXXXXXXXXXXXXXOOOOXXXXXXXXXXXXXXXXXXXXXXOOOOOOOOOOOOoooooooooXXXOOOOXXXX
XoOOOOOOOXXXXXXXXXXXXXoOOOXXXXXXXXXXXXXXXXXXXXOOOOXXXXXXXXXXXXXXXXXXXXXXXOOOOOOOOOOOOOooooOooOXOOOOXXXX
XoOOOOOOOXXXXXXXXXXXXXoOOOoXXXXXXXXXXXXXXXXXXXXOOXXXXXXXXXXXXXXXXXXXXXXXXOOOOOOOOOOOOOooOOOooOOOOOoXXXX
XoOOOOOOOXXXXXXXXXXXXXXOOOooXXXXXXXXXXXXXXXXXXXXOOXXXXXXOXXXXXXXXXXXXXXXOOooOOOOOOOOOOOOOOOooOOOOOooXXX
XoOOOOOOOXXXXXXXXXXXXXXOOooXXXXXXXXXXXXXXXXXXXXXXOXXXXXOOXXXXXXXXXXXXXOOOoooOOOOOOOOOOOOOOOooOOOOOoXXXX
XoOOOOOOOXXXXXXXXXXXXXXOOooXXXXXXXXXXXXXXXXXXXXXXXOOXXXOOXXXXXXXXXXXXOOOooXXooOOOOOOOOOOOOOOoOOOOOooXXX
XOOOOOOOXXXXXXXXXXXXXXOooXXXXXXXXXXXXXXXXXXXXXXXXXOOXXOOXXXXXXXXXXXXOOOooXXXXooOooOOOOOOOOOOOOOOOoooXXX
XOOOOOOXXXXXXXXXXXXXXOoooXXXXXXXXXXXOXXXXXXXXXXXXXXOOOOOXXXXXXXXXXXXOOOoXXXXXXXooooOOOOOOOOOOOOOOoooXXX
XOOOOXXXXXXXXXXXXXXOoooXXXXXXXXXXXXOOXXXXXXXXXXXXOOOOOOXXXXXXXXXXXXOOOoXXXXXXXXooooOOOOOOOOOOOOOOooXXXX
XOOOOXXXXXXXXXXXXXoOooXXXXXXXXXXXXXOOOOXXXXXXXXXXOOOOOOOXXXXXXXXXOXOOOoXXXXXXXXXXoooOOOOOOOOOOOOOXXXXXX
XOOOOXXXXXXXXXXXoooOoXXXXXXXXXXXXXXOOOOOXXXXXOXOOOOOOOOOXXXXXXXXOOOOOoXXXXXXXXXXXoooOoOOOOOXOOOXXXXXXXX
XOOOOXXXOXXXXXXooooooXXXXXXXXXXXXXXXOOOOXXXXXXOOOOOOOOOOOXXXXXXOOOOOOOXXXXXXXXXXXXXoooXOOOXXXXOXXXXXXXX
XOOOOXXOooooXooooooooXXXXXXXXXXXXXXXOOOOOOXOOOOOOOOoOOOOOOOXXOOOOOOOOXXXXXXXXXXXXXXXXXXOOXXXXXXXXXXXXXX
XOXOOOXOoooooooooooooooXXXXXXXXXXXXXXXOOOOOOOOOOOOOoooOOOOOOOOOOOOOOOOXXXXXXXXXXXXXXXXXXXXXXXXXXXXXXXXX
XXXOOOOooooooooooooooooXXXXXXXXXXXXXXXOOOOOOOOOOOOoooooooOOOOOOOOOOOOOOXXXXXXXXXXXXXXXXXXXXXXXXXXXXXXXX
XXXXOOoooooooooooooooooooXXXXXXXXXXXXXXOOOOOOOOOOOooooooooOOOOOOOOOOOOOOOXoXXXXXXXXXXXXXXXXXXXXXXXXXXXX
XXXOOOoooooooooooooooooooXXXXXXXXXXXXXOOOOOOOOOOOoooooooooOOOOOOOOOOOoOOOooXXXXXXXXXXXXXXXXXXXXXXXXXXXX
XXXOOOOooooooooooooooooooOOXXXXXXXXXXXXOOOOOOOOOOooXXXooXoooOOOOOOOOooooOooXXXXXXXXXXXXXXXXXXXXXXXXXXXX
XOOOOOooooooooXXXXXooooooOOOXXXXXXXXXXXOOOOoooooooXXXXXXXoooOOOOOOOoXoXoOooXXXXXXXXXXXXXXXXXXXXXXXXXXXX
XXOOOOooooXooXXXXXXXooooooOOOOXXXXXXXXXOOOOoooooooXXXXXXXXooooOOOOoXXXXXXoooXXXXXXXXXXXXXXXXXXXXXXXXXXX
XooOooooooXXXXXXXXXXooooooOOOOXXXXXXXXOOOOoooooooooXXXXXXXoooooOOXXXXXXXXoooXXXXXXXXXXXXXXXXXXXXXXXXXXX
XXooooooooXXXXXXXXXXXXooooooOOOOXXXXXOOOOOooooooooooXXXXXXXoooooXXXXXXXXXXXoXXXXXXXXXXXXXXXXXXXXXXXXXXX
XXXooooooOXXXXXXXXXXXoooooooOOOOXXXOOOOOOooooooooooooXXXXXXooooXXXXXXXXXXXXXXXXXXXXXXXXXXXXXXXXXXXXXXXX
XXXXoooXXoOOOOXXXXOXoooXXooooooOOOOOOOOOOOoooooooooooXXXXXXXXooXXXXXXXXXXXXXXXXXXXXXXXXXXXXXXXXXXXXXXXX
XXXXXXXXXOOOOOOOOOOoooXXXXoooooooOOOOOOOOoooooooooooXXXXXXXXXXXXXXXXXXXXXXXXXXXXXXXXXXXXXXXXXXXXXXXXXXX
XXXXXXXXXXOOOOOOOOooooXXXXXoooXXooOOOOOOOoooooooXXoXXXXXXXXXXXXXXXXXXXXXXXXXXXXXXXXXXXXXXXXXXXXXXXXXXXX
XXXXXXXXXOOOoOOOoooooooooXXooXXXXOOOOOOOoooooooXXXXXXXXXXXXXXXXXXXXXXXXXXXXXXXXXXXXXXXXXXXXXXXXXXXXXXXX
XXXXXXXXXooOooOOooooooooooXXoXXXXXOOOooXXooooooXXXXXXXXXXXXXXXXXXXXXXXXXXXXXXXXXXXXXXXXXXXXXXXXXXXXXXXX
XXXXXXXXXoooooooooooooooooXXXXXXXOOOoXXXoooooXXXOOXXXXXXXXXXXXXXXXXXXXXXXXXXXXXXXXXXXXXXXXXXXXXXXXXXXXX
XXXXXXXXXXXooooooooooooooooXXXXXOOOooXXXXoooooXXOOOXXXXXXXXXXXXXXXXXXXXXXXXXXXXXXXXXXXXXXXXXXXXXXXXXXXX
XXXXXXXXXXXoooooooooooooooXXXXXOOOooXXXXooooooOOOOOXXXXXXXXXXXXXXXXXXXXXXXXXXXXXXXXXXXXXXXXXXXXXXXXXXXX
XXXXXXXXXXXXXXXXXXXXXXXXXXXXXXXOOOoXXXXXXXXXXXOOOXXXXXXXXXXXXXXXXXXXXXXXXXXXXXXXXXXXXXXXXXXXXXXXXXXXXXX
XXXXXXXXXXXXXXXXXXXXXXXXXXXXXXXXXXXXXXXXXXXXXXXXXXXXXXXXXXXXXXXXXXXXXXXXXXXXXXXXXXXXXXXXXXXXXXXXXXXXXXX
