44,60,64,64,2771,1899
XXXXXXXXXXXXXXXXXXXXXXXXXXXXXXXXXXXXXXXXXXXX
XXXXXXXXXXXXXXXXXXXXXXXXXXXXXXXXXXXXXXXXXXXX
XXXXXXXXXXXXXXXXXXXXXXXXXXXXXXXXXXXXXXXXXXXX
XXXXXXXXXXXXXXXXXXXXXXXXXXXXXXXXXXXXXXXXXXXX
XXXXXXXXXXXXXXXXXXXXXXXXXXXXXXXXXXXXXXXXXXXX
XXXXXXXXXXXXXXXXXOOXXXXXXXXXXXXXXXXXXXXXXXXX
XXXXXXXXXXXXXXXXXOOXXXXXXXXXXXXXXXXXXXXXXXXX
XXXXXXXXXXXXXXXXOOooXXXXXXXXXXXXXXXXXXXXXXXX
XXXXXXXXXXXXXXXXOOooXXXXXXXXXOOOOOOOXXXXXXXX
XXXXXXXXXXXXXXXOOoooXXXXXXXXXOOOOOOOOXXXXXXX
XXXXXXXXXXXXXXOOOoooXXXXXXXXXOOOOOOOOOXXXXXX
XXXXXXXXXXXXXOOOooooXXXXXXOOOOOOOXXXXXXXXXXX
XXXXXXXOOOOOOOOoOooooXXXXXOOOOOOXXXXXXXXXXXX
XXXOOOOOOOOOOOooooOoXXXXOOOOOOXXXXXXXXXXXXXX
XXXXOOOOOOOOOOoooXXXoXXOOOOOOOXXXXXXXXXXXXXX
XXXOOOOOOOOXOOoXXXXooOOOOOOOXXXXXXXXXXXXXXXX
XXXXXOOOOOOXXOXXXXXoooOOOOOOXXXXXXXXXXXXXXXX
XXXXXXXOOOXXOOOXXXooooOOOOOXXXXXXXXXXXXXXXXX
XXXXXXOOOOXXOOOOXXXoooOOOOOXXXXXXXXXXXXXXXXX
XXXXXXOOOXXOOOOXXXXOOOOOOOXXXXXXXXXXXXXXXXXX
XXXXXXXXXXXXXXOoXoOOOOOOOOXXXXXXXXXXXXXXXXXX
XXXXXXXXXXXXXOooooOOOOOOOOXXXXXXXXXXXXXXXXXX
XXXXXXXXXXXXXXoooooOOOOOOOXXXXXXXXXXXXXXXXXX
XXXXXXXXXXXXXOOoooOOOOOXXOXXXXXXXXXXXXXXXXXX
XXXXXXXXXXXXXOOooooOOOOXXXXXXXXXXXXOXXXXXXXX
XXXXXXXXXXXXoOOoooOOOOXXXXXXXXXXOOOOXXXXXXXX
XXXXXXOOOXOOoooOOOoOOXXXXXXXXXXXXOOOoXXXXXXX
XXXXXOOOOOOOoooOOoOOOXXXXXXXXXXXOOOoXXXXXXXX
XXXXXXOOOOOOoooOOOXOOXXXXXXXXXXXXOOOoXXXXXXX
XXXXXOOOOOOOooOOOXXOXXXXXXXXXXXXXOOXXXXXXXXX
XXXXXXOOOOOOooOooXXXXXXXXXXXXXXXXOOXXXXXXXXX
XXXXXOOOOOOOooooooXXXXXXXXXXXXXXOOOOOoXXXXXX
XXXXXXOOOOOOXXooooXXXXXXXXXOXXXOOOOOOoooXXXX
XXXXXoOOOOOOXoooXXXXXXXXXXOOXOOOOOOoooooXXXX
XXXXXXooOOOOXXoooXXXXXXXXXOOOOOOOOOooooooXXX
XXXXXoooOOOOXoooOOOXXXXXXOOOOOOOOoooooooXXXX
XXXXXXoOOOXXXXoOOOOOXXXXXOOOoOOOOoooooooXXXX
XXXXXXOOOXXXXXOXOOOOOOOoooooooOOoooooXXXXXXX
XXXXXXXOOOXXXXXXXOOOOOOXooOooooOOOoooXXXXXXX
XXXXXXXOOOXXXXXXXOOOOOXooOoooooOoOOooXXXXXXX
XXXXXXXXOOOOOXXoooOOOoXXooOooXXOooOOoXXXXXXX
XXXXXXXXXOOOOXXoooOOooXooOOXXXXoooOOXXXXXXXX
XXXXXXXXXXXXXXXooooOoXXoooOOXXXXXoOOOXXXXXXX
XXXXXXXXXXXXXXOoooOXXXXooooOXXXXXXOOOXXXXXXX
XXXXXXXXXXXXXXOoooXXXXXXoOooXXXXXooooOXXXXXX
XXXXXXXXXXXXOOOOoXXXXXXXOOooXXXXoooooOXXXXXX
XXXXXXXXXXXXXOOOOXXXXXXXOOOoXXXXXoooooOXXXXX
XXXXXXXXXXXOOOOOOXXXXXXOOOoXXXXXoooooOOXXXXX
XXXXXXXXXXXOOOOOOXXXXXXOOOXXXXXXXoooooOXXXXX
XXXXXXXXXOOOOOOOXXXXXOOOOOXXXXXXooooooOXXXXX
XXXXXXXOOOOOOOOOOXXXXOOOOOOXXXXXXoooooOXXXXX
XXXXXOOOOOOOOOOOOOOOOOOOOOOXXXoXooooooOXXXXX
XXXXXOOOooOOOOOOOOOOOOOOOOOOOXoooooooooXXXXX
XXXOOOOOooOoOooOOOOOOOOOOOOOOXOOOoooooOXXXXX
XXOOOOOOoooooooooOOOOOOXXOOOOXXOOooOoOOOXXXX
XOOOOOOOoooooooooOOOOOOXOOOXXXXOoooOOOOXXOOX
XOOOOOOOOoooooooooOOOOOOOOOXXXXXOooOOOOOOOOX
XOOOOOOOoXXXoooooOOOOOOOOXXXXXXXOoOOOOOOOOOX
XXXXXXXXXXXXXXXXXXXXXXXXXXXXXXXXXXXXXXXXXXXX
XXXXXXXXXXXXXXXXXXXXXXXXXXXXXXXXXXXXXXXXXXXX
